// Jest Snapshot v1, https://goo.gl/fbAQLP

exports[`App renders correctly 1`] = `
<div
  className="App"
>
  <div
    className="d-flex justify-content-center align-items-center spinner"
  >
    <div
      className="spinner-inner spinner-border text-warning"
    />
  </div>
</div>
`;

exports[`App renders correctly 2`] = `
<div
  className="App"
>
  <div
    className="d-flex justify-content-center align-items-center spinner"
  >
    <div
      className="spinner-inner spinner-border text-warning"
    />
  </div>
</div>
`;

exports[`App renders correctly 3`] = `
<div
  className="App"
>
  <div
    className="d-flex justify-content-center align-items-center spinner"
  >
    <div
      className="spinner-inner spinner-border text-warning"
    />
  </div>
</div>
`;
